{"Movie":{"Title":"Awesome Movie 2","Description":"This is a movie"},"Actor":{"Name":"Test Actor"}}