{"Movie_Title":"Awesome Movie 2","Movie_Description":"This is a movie","Actor_Name":"Test Actor","Author_Description":"Movie Description"}